Nothing to build in platform 'Lab7_sw3_wrapper'

13:05:13 **** Incremental Build of configuration Debug for project Lab7_sw3 ****
make all 
'Building file: ../src/helloworld.c'
'Invoking: MicroBlaze gcc compiler'
mb-gcc -Wall -O0 -g3 -c -fmessage-length=0 -MT"src/helloworld.o" -ID:/EECE351/Lab/Lab7/workplace3/Lab7_sw3_wrapper/export/Lab7_sw3_wrapper/sw/Lab7_sw3_wrapper/standalone_microblaze_0/bspinclude/include -mlittle-endian -mcpu=v11.0 -mxl-soft-mul -Wl,--no-relax -ffunction-sections -fdata-sections -MMD -MP -MF"src/helloworld.d" -MT"src/helloworld.o" -o "src/helloworld.o" "../src/helloworld.c"
../src/helloworld.c: In function 'main':
../src/helloworld.c:309:17: warning: implicit declaration of function 'seg_disp' [-Wimplicit-function-declaration]
  309 |                 seg_disp(data,0);
      |                 ^~~~~~~~
../src/helloworld.c:457:17: warning: implicit declaration of function 'detecting_object' [-Wimplicit-function-declaration]
  457 |                 detecting_object(current);
      |                 ^~~~~~~~~~~~~~~~
../src/helloworld.c:435:26: warning: variable 'logBuf' set but not used [-Wunused-but-set-variable]
  435 |                 LogEntry logBuf[MAX_LOG];
      |                          ^~~~~~
../src/helloworld.c:276:18: warning: variable 'prev_RIGHT_VALUE' set but not used [-Wunused-but-set-variable]
  276 |         unsigned prev_RIGHT_VALUE;
      |                  ^~~~~~~~~~~~~~~~
../src/helloworld.c:275:18: warning: unused variable 'prev_LEFT_VALUE' [-Wunused-variable]
  275 |         unsigned prev_LEFT_VALUE;
      |                  ^~~~~~~~~~~~~~~
../src/helloworld.c:269:18: warning: unused variable 'logBuf' [-Wunused-variable]
  269 |         LogEntry logBuf[MAX_LOG];
      |                  ^~~~~~
../src/helloworld.c:260:18: warning: unused variable 'down_counter' [-Wunused-variable]
  260 |         unsigned down_counter = 500;
      |                  ^~~~~~~~~~~~
../src/helloworld.c:259:18: warning: unused variable 'right_coil_width' [-Wunused-variable]
  259 |         unsigned right_coil_width;
      |                  ^~~~~~~~~~~~~~~~
../src/helloworld.c:258:18: warning: unused variable 'left_coil_width' [-Wunused-variable]
  258 |         unsigned left_coil_width;
      |                  ^~~~~~~~~~~~~~~
../src/helloworld.c:257:15: warning: unused variable 'start_estimating_right' [-Wunused-variable]
  257 |         _Bool start_estimating_right;
      |               ^~~~~~~~~~~~~~~~~~~~~~
../src/helloworld.c:256:15: warning: unused variable 'start_estimating_left' [-Wunused-variable]
  256 |         _Bool start_estimating_left;
      |               ^~~~~~~~~~~~~~~~~~~~~
../src/helloworld.c:252:15: warning: variable 'prev_right_coil' set but not used [-Wunused-but-set-variable]
  252 |         _Bool prev_right_coil;
      |               ^~~~~~~~~~~~~~~
../src/helloworld.c:251:15: warning: variable 'prev_left_coil' set but not used [-Wunused-but-set-variable]
  251 |         _Bool prev_left_coil;
      |               ^~~~~~~~~~~~~~
../src/helloworld.c:248:18: warning: unused variable 'position' [-Wunused-variable]
  248 |         unsigned position;
      |                  ^~~~~~~~
../src/helloworld.c:246:18: warning: unused variable 'prev_distance' [-Wunused-variable]
  246 |         unsigned prev_distance;
      |                  ^~~~~~~~~~~~~
../src/helloworld.c:245:18: warning: unused variable 'distance' [-Wunused-variable]
  245 |         unsigned distance;
      |                  ^~~~~~~~
../src/helloworld.c: At top level:
../src/helloworld.c:472:6: warning: conflicting types for 'detecting_object'; have 'void(uint8_t)' {aka 'void(unsigned char)'}
  472 | void detecting_object(uint8_t current){
      |      ^~~~~~~~~~~~~~~~
../src/helloworld.c:457:17: note: previous implicit declaration of 'detecting_object' with type 'void(uint8_t)' {aka 'void(unsigned char)'}
  457 |                 detecting_object(current);
      |                 ^~~~~~~~~~~~~~~~
../src/helloworld.c:514:6: warning: conflicting types for 'seg_disp'; have 'void(uint8_t *, uint8_t)' {aka 'void(unsigned char *, unsigned char)'}
  514 | void seg_disp(uint8_t data[4], uint8_t cursor)
      |      ^~~~~~~~
../src/helloworld.c:309:17: note: previous implicit declaration of 'seg_disp' with type 'void(uint8_t *, uint8_t)' {aka 'void(unsigned char *, unsigned char)'}
  309 |                 seg_disp(data,0);
      |                 ^~~~~~~~
../src/helloworld.c: In function 'estimating_width_LEFT':
../src/helloworld.c:209:1: warning: control reaches end of non-void function [-Wreturn-type]
  209 | }
      | ^
../src/helloworld.c: In function 'estimating_width_RIGHT':
../src/helloworld.c:238:1: warning: control reaches end of non-void function [-Wreturn-type]
  238 | }
      | ^
../src/helloworld.c: In function 'main':
../src/helloworld.c:459:32: warning: 'right_coil' may be used uninitialized [-Wmaybe-uninitialized]
  459 |                 prev_right_coil=right_coil;
      |                 ~~~~~~~~~~~~~~~^~~~~~~~~~~
../src/helloworld.c:460:31: warning: 'left_coil' may be used uninitialized [-Wmaybe-uninitialized]
  460 |                 prev_left_coil=left_coil;
      |                 ~~~~~~~~~~~~~~^~~~~~~~~~
'Finished building: ../src/helloworld.c'
' '
'Building target: Lab7_sw3.elf'
'Invoking: MicroBlaze gcc linker'
mb-gcc -Wl,-T -Wl,../src/lscript.ld -LD:/EECE351/Lab/Lab7/workplace3/Lab7_sw3_wrapper/export/Lab7_sw3_wrapper/sw/Lab7_sw3_wrapper/standalone_microblaze_0/bsplib/lib -mlittle-endian -mcpu=v11.0 -mxl-soft-mul -Wl,--no-relax -Wl,--gc-sections -o "Lab7_sw3.elf"  ./src/helloworld.o ./src/platform.o   -Wl,--start-group,-lxil,-lgcc,-lc,--end-group
'Finished building target: Lab7_sw3.elf'
' '
'Invoking: MicroBlaze Print Size'
mb-size Lab7_sw3.elf  |tee "Lab7_sw3.elf.size"
   text	   data	    bss	    dec	    hex	filename
  10880	    272	   3168	  14320	   37f0	Lab7_sw3.elf
'Finished building: Lab7_sw3.elf.size'
' '
