Nothing to build in platform 'Lab7_sw_wrapper'

00:41:20 **** Incremental Build of configuration Debug for project Lab7_sw ****
make all 
'Building file: ../src/helloworld.c'
'Invoking: MicroBlaze gcc compiler'
mb-gcc -Wall -O0 -g3 -c -fmessage-length=0 -MT"src/helloworld.o" -ID:/EECE351/Lab/Lab7/workplace/Lab7_sw_wrapper/export/Lab7_sw_wrapper/sw/Lab7_sw_wrapper/standalone_microblaze_0/bspinclude/include -mlittle-endian -mcpu=v11.0 -mxl-soft-mul -Wl,--no-relax -ffunction-sections -fdata-sections -MMD -MP -MF"src/helloworld.d" -MT"src/helloworld.o" -o "src/helloworld.o" "../src/helloworld.c"
../src/helloworld.c: In function 'main':
../src/helloworld.c:133:18: warning: unused variable 'prev_counter' [-Wunused-variable]
  133 |         unsigned prev_counter=COUNTER;
      |                  ^~~~~~~~~~~~
../src/helloworld.c:132:17: warning: unused variable 'cursor' [-Wunused-variable]
  132 |         uint8_t cursor = 1;
      |                 ^~~~~~
../src/helloworld.c:131:17: warning: unused variable 'data' [-Wunused-variable]
  131 |         uint8_t data[4] = {0,0,0,0};
      |                 ^~~~
../src/helloworld.c:130:18: warning: unused variable 'duty_dec_point' [-Wunused-variable]
  130 |         unsigned duty_dec_point=0;
      |                  ^~~~~~~~~~~~~~
../src/helloworld.c:129:18: warning: unused variable 'duty_int' [-Wunused-variable]
  129 |         unsigned duty_int = 0;
      |                  ^~~~~~~~
'Finished building: ../src/helloworld.c'
' '
'Building target: Lab7_sw.elf'
'Invoking: MicroBlaze gcc linker'
mb-gcc -Wl,-T -Wl,../src/lscript.ld -LD:/EECE351/Lab/Lab7/workplace/Lab7_sw_wrapper/export/Lab7_sw_wrapper/sw/Lab7_sw_wrapper/standalone_microblaze_0/bsplib/lib -mlittle-endian -mcpu=v11.0 -mxl-soft-mul -Wl,--no-relax -Wl,--gc-sections -o "Lab7_sw.elf"  ./src/helloworld.o ./src/platform.o   -Wl,--start-group,-lxil,-lgcc,-lc,--end-group
'Finished building target: Lab7_sw.elf'
' '
'Invoking: MicroBlaze Print Size'
mb-size Lab7_sw.elf  |tee "Lab7_sw.elf.size"
   text	   data	    bss	    dec	    hex	filename
   5700	    268	   3112	   9080	   2378	Lab7_sw.elf
'Finished building: Lab7_sw.elf.size'
' '
