01:29:10 **** Incremental Build of configuration Debug for project Lab7_sw2 ****
make all 
'Building file: ../src/helloworld.c'
'Invoking: MicroBlaze gcc compiler'
mb-gcc -Wall -O0 -g3 -c -fmessage-length=0 -MT"src/helloworld.o" -ID:/EECE351/Lab/Lab7/workplace2/Lab7_sw_wrapper_v2/export/Lab7_sw_wrapper_v2/sw/Lab7_sw_wrapper_v2/standalone_microblaze_0/bspinclude/include -mlittle-endian -mcpu=v11.0 -mxl-soft-mul -Wl,--no-relax -ffunction-sections -fdata-sections -MMD -MP -MF"src/helloworld.d" -MT"src/helloworld.o" -o "src/helloworld.o" "../src/helloworld.c"
../src/helloworld.c: In function 'main':
../src/helloworld.c:151:17: warning: implicit declaration of function 'seg_disp' [-Wimplicit-function-declaration]
  151 |                 seg_disp(data,0);
      |                 ^~~~~~~~
../src/helloworld.c:134:18: warning: unused variable 'prev_ab' [-Wunused-variable]
  134 |         unsigned prev_ab=AB;
      |                  ^~~~~~~
../src/helloworld.c:133:18: warning: unused variable 'prev_counter' [-Wunused-variable]
  133 |         unsigned prev_counter=COUNTER;
      |                  ^~~~~~~~~~~~
../src/helloworld.c:130:17: warning: unused variable 'cursor' [-Wunused-variable]
  130 |         uint8_t cursor = 1;
      |                 ^~~~~~
../src/helloworld.c: At top level:
../src/helloworld.c:159:6: warning: conflicting types for 'seg_disp'; have 'void(uint8_t *, uint8_t)' {aka 'void(unsigned char *, unsigned char)'}
  159 | void seg_disp(uint8_t data[4], uint8_t cursor)
      |      ^~~~~~~~
../src/helloworld.c:151:17: note: previous implicit declaration of 'seg_disp' with type 'void(uint8_t *, uint8_t)' {aka 'void(unsigned char *, unsigned char)'}
  151 |                 seg_disp(data,0);
      |                 ^~~~~~~~
'Finished building: ../src/helloworld.c'
' '
'Building target: Lab7_sw2.elf'
'Invoking: MicroBlaze gcc linker'
mb-gcc -Wl,-T -Wl,../src/lscript.ld -LD:/EECE351/Lab/Lab7/workplace2/Lab7_sw_wrapper_v2/export/Lab7_sw_wrapper_v2/sw/Lab7_sw_wrapper_v2/standalone_microblaze_0/bsplib/lib -mlittle-endian -mcpu=v11.0 -mxl-soft-mul -Wl,--no-relax -Wl,--gc-sections -o "Lab7_sw2.elf"  ./src/helloworld.o ./src/platform.o   -Wl,--start-group,-lxil,-lgcc,-lc,--end-group
'Finished building target: Lab7_sw2.elf'
' '
'Invoking: MicroBlaze Print Size'
mb-size Lab7_sw2.elf  |tee "Lab7_sw2.elf.size"
   text	   data	    bss	    dec	    hex	filename
   7296	    268	   3132	  10696	   29c8	Lab7_sw2.elf
'Finished building: Lab7_sw2.elf.size'
' '

01:29:12 Build Finished (took 1s.132ms)

